
ROM used:   449/8192 (5%)
            449/8192 (5%) including unused fragments

            0.5 Average locations per line
            6.2 Average locations per statement

RAM used:   10/368 (3%) at main() level
            12/368 (3%) worst case

Stack used: 1 worst case (1 in main + 0 for interrupts)
Stack size: 8

Lines Stmts  %   Files
----- ----- ---  -----
   80    73 100  main.c
   10     0   0  main.h
  769     0   0  C:\Program Files (x86)\PICC\Devices\16F887.h
----- -----
  859    73 Total

Page ROM  %  RAM    Vol Diff  Functions:
---- --- --- ---    --- ----  ----------
0     21   5    1             @delay_ms1
0    128  29    3    941  3.4  quaythuan
0    128  29    3    941  3.4  quaynghich
0    168  37    1    922  4.8  MAIN
 Inline         0             @cinit1

Program metrics:
    Functions               3
    Statements              73
    Comments                131
    Volume (V)              3524
    Difficulty (D)          11.5
    Effort to implement (E) 40605
    Time to implement (T)   38 minutes
    Est Delivered Bugs (B)  0
    Cyclomatic Complexity   18
    Maintainability (MI)    45

 Segment     Used  Free
-----------  ----  ----
00000-00003     4  0  
00004-007FF   445  1599  
00800-00FFF     0  2048  
01000-017FF     0  2048  
01800-01FFF     0  2048  



